// Jest Snapshot v1, https://goo.gl/fbAQLP

exports[`deletePost Function deleting a post via the delete button 1`] = `
<DocumentFragment>
  <div>
    <input
      class="mb-3 bg-light border-primary rounded-2"
      name="filterId"
      placeholder="Filter by User ID"
      type="number"
      value=""
    />
    <div
      class="mb-3 card"
    >
      <div
        class="card-body"
      >
        <div
          class="card-title h5"
        >
          Test Title 2
        </div>
        <p
          class="card-text"
        >
          Post body 2
        </p>
        <button
          class="btn btn-primary"
          type="button"
        >
          Edit
        </button>
        <button
          class="btn btn-danger"
          data-testid="del-button-2"
          type="button"
        >
          Delete
        </button>
      </div>
    </div>
  </div>
</DocumentFragment>
`;
